[dotenv@17.2.3] injecting env (3) from .env -- tip: ≡ƒ¢á∩╕Å  run anywhere with `dotenvx run -- yourcommand`
1. Reading API Key...
Γ£à API Key found (starts with: AIzaS...)
2. Initializing Client...

≡ƒæë Testing model: gemini-1.5-flash...
node : Γ¥î FAILED gemini-1.5-flash: [GoogleGenerativeAI 
Error]: Error fetching from https://generativelanguage.goog
leapis.com/v1beta/models/gemini-1.5-flash:generateContent: 
[404 Not Found] models/gemini-1.5-flash is not found for 
API version v1beta, or is not supported for 
generateContent. Call ListModels to see the list of 
available models and their supported methods. (Status: 404)
At line:1 char:1
+ node test-gemini.js > test_log.txt 2>&1
+ ~~~~~~~~~~~~~~~~~~~~~~~~~~~~~~~~~~~~~~~
    + CategoryInfo          : NotSpecified: (Γ¥î FAILED ge 
   mi.... (Status: 404):String) [], RemoteException
    + FullyQualifiedErrorId : NativeCommandError
 

≡ƒæë Testing model: gemini-pro...
Γ¥î FAILED gemini-pro: [GoogleGenerativeAI Error]: Error 
fetching from https://generativelanguage.googleapis.com/v1b
eta/models/gemini-pro:generateContent: [404 Not Found] 
models/gemini-pro is not found for API version v1beta, or 
is not supported for generateContent. Call ListModels to 
see the list of available models and their supported 
methods. (Status: 404)

≡ƒæë Testing model: gemini-1.0-pro...
Γ¥î FAILED gemini-1.0-pro: [GoogleGenerativeAI Error]: 
Error fetching from https://generativelanguage.googleapis.c
om/v1beta/models/gemini-1.0-pro:generateContent: [404 Not 
Found] models/gemini-1.0-pro is not found for API version 
v1beta, or is not supported for generateContent. Call 
ListModels to see the list of available models and their 
supported methods. (Status: 404)
